// Jest Snapshot v1, https://goo.gl/fbAQLP

exports[`LogInForm renders 1`] = `
<form
  id="abc"
  onSubmit={[Function]}
>
  <Styled(Label)
    htmlFor="abc-username"
  >
    Username
     
    <Tooltip>
      Usernames may be between 3-30 characters.
      <br />
      They may include these characters: a-z, A-Z, 0-9.
    </Tooltip>
  </Styled(Label)>
  <styled.input
    id="abc-username"
    onChange={[Function]}
  />
  <Styled(Label)
    htmlFor="abc-password"
  >
    Password
     
    <Tooltip>
      Passwords may be between 6-15 characters.
      <br />
      They may include these characters: a-z, A-Z, 0-9, #, @, or *.
    </Tooltip>
  </Styled(Label)>
  <styled.input
    id="abc-password"
    onChange={[Function]}
    type="password"
  />
  <Button
    isBlock={true}
    isPrimary={true}
    type="submit"
  >
    Sign In
  </Button>
  <P>
    <styled.a
      className="testing_reset-password"
      onClick={[MockFunction]}
    >
      Lost your password?
    </styled.a>
  </P>
  <P>
    <styled.a
      className="testing_register"
      onClick={[MockFunction]}
    >
      Register
    </styled.a>
  </P>
</form>
`;
