// Jest Snapshot v1, https://goo.gl/fbAQLP

exports[`ResetPasswordForm renders 1`] = `
<form
  id="abc"
  onSubmit={[Function]}
>
  <P>
    Enter your username and email address to reset your password.
  </P>
  <Styled(Label)
    htmlFor="abc-username"
  >
    Username
     
    <Tooltip>
      Usernames may be between 3-30 characters.
      <br />
      They may include these characters: a-z, A-Z, 0-9.
    </Tooltip>
  </Styled(Label)>
  <styled.input
    id="abc-username"
    onChange={[Function]}
  />
  <Styled(Label)
    htmlFor="abc-email"
  >
    Email Address
  </Styled(Label)>
  <styled.input
    id="abc-email"
    onChange={[Function]}
    type="email"
  />
  <Button
    isBlock={true}
    isPrimary={true}
    type="submit"
  >
    Reset Password
  </Button>
  <P>
    <styled.a
      className="testing_cancel"
      onClick={[MockFunction]}
    >
      Cancel
    </styled.a>
  </P>
</form>
`;
